\BOOKMARK [1][-]{section.0.1}{\376\377\000I\000n\000t\000r\000o\000d\000u\000c\000t\000i\000o\000n}{}% 1
\BOOKMARK [2][-]{subsection.0.1.1}{\376\377\000P\000r\000o\000b\000l\000e\000m\000\040\000S\000t\000a\000t\000e\000m\000e\000n\000t}{section.0.1}% 2
\BOOKMARK [2][-]{subsection.0.1.2}{\376\377\000O\000b\000j\000e\000c\000t\000i\000v\000e\000s\000\040\000a\000n\000d\000\040\000P\000u\000r\000p\000o\000s\000e}{section.0.1}% 3
\BOOKMARK [2][-]{subsection.0.1.3}{\376\377\000R\000e\000a\000l\000-\000w\000o\000r\000l\000d\000\040\000N\000e\000e\000d\000\040\000a\000n\000d\000\040\000P\000o\000t\000e\000n\000t\000i\000a\000l\000\040\000I\000m\000p\000a\000c\000t}{section.0.1}% 4
\BOOKMARK [1][-]{section.0.2}{\376\377\000A\000p\000p\000r\000o\000a\000c\000h\000\040\000a\000n\000d\000\040\000M\000e\000t\000h\000o\000d\000o\000l\000o\000g\000y}{}% 5
\BOOKMARK [2][-]{subsection.0.2.1}{\376\377\000D\000e\000v\000e\000l\000o\000p\000m\000e\000n\000t\000\040\000P\000r\000o\000c\000e\000s\000s}{section.0.2}% 6
\BOOKMARK [2][-]{subsection.0.2.2}{\376\377\000C\000o\000l\000l\000a\000b\000o\000r\000a\000t\000i\000o\000n\000\040\000T\000o\000o\000l\000s}{section.0.2}% 7
\BOOKMARK [2][-]{subsection.0.2.3}{\376\377\000D\000e\000c\000i\000s\000i\000o\000n\000-\000m\000a\000k\000i\000n\000g\000\040\000R\000a\000t\000i\000o\000n\000a\000l\000e}{section.0.2}% 8
\BOOKMARK [1][-]{section.0.3}{\376\377\000A\000p\000p\000l\000i\000c\000a\000t\000i\000o\000n\000\040\000F\000e\000a\000t\000u\000r\000e\000s\000\040\000a\000n\000d\000\040\000F\000u\000n\000c\000t\000i\000o\000n\000a\000l\000i\000t\000y}{}% 9
\BOOKMARK [2][-]{subsection.0.3.1}{\376\377\000C\000o\000r\000e\000\040\000F\000e\000a\000t\000u\000r\000e\000s\000\040\000\050\000M\000V\000P\000\051}{section.0.3}% 10
\BOOKMARK [2][-]{subsection.0.3.2}{\376\377\000A\000d\000v\000a\000n\000c\000e\000d\000\040\000F\000u\000n\000c\000t\000i\000o\000n\000a\000l\000i\000t\000i\000e\000s}{section.0.3}% 11
\BOOKMARK [1][-]{section.0.4}{\376\377\000I\000m\000p\000l\000e\000m\000e\000n\000t\000a\000t\000i\000o\000n\000\040\000D\000e\000t\000a\000i\000l\000s}{}% 12
\BOOKMARK [2][-]{subsection.0.4.1}{\376\377\000T\000o\000o\000l\000s\000,\000\040\000F\000r\000a\000m\000e\000w\000o\000r\000k\000s\000,\000\040\000a\000n\000d\000\040\000L\000a\000n\000g\000u\000a\000g\000e\000s}{section.0.4}% 13
\BOOKMARK [1][-]{section.0.5}{\376\377\000U\000s\000e\000r\000\040\000E\000x\000p\000e\000r\000i\000e\000n\000c\000e}{}% 14
\BOOKMARK [2][-]{subsection.0.5.1}{\376\377\000D\000e\000t\000a\000i\000l\000e\000d\000\040\000U\000s\000e\000r\000\040\000F\000l\000o\000w}{section.0.5}% 15
\BOOKMARK [2][-]{subsection.0.5.2}{\376\377\000W\000i\000r\000e\000f\000r\000a\000m\000e\000s\000\040\000a\000n\000d\000\040\000S\000c\000r\000e\000e\000n\000s\000h\000o\000t\000s}{section.0.5}% 16
\BOOKMARK [1][-]{section.0.6}{\376\377\000S\000y\000s\000t\000e\000m\000\040\000A\000r\000c\000h\000i\000t\000e\000c\000t\000u\000r\000e}{}% 17
\BOOKMARK [2][-]{subsection.0.6.1}{\376\377\000A\000r\000c\000h\000i\000t\000e\000c\000t\000u\000r\000e\000\040\000O\000v\000e\000r\000v\000i\000e\000w}{section.0.6}% 18
\BOOKMARK [1][-]{section.0.7}{\376\377\000W\000e\000b\000\040\000S\000e\000r\000v\000i\000c\000e\000\040\000D\000e\000s\000i\000g\000n}{}% 19
\BOOKMARK [2][-]{subsection.0.7.1}{\376\377\000B\000a\000c\000k\000e\000n\000d\000\040\000S\000e\000r\000v\000i\000c\000e\000s}{section.0.7}% 20
\BOOKMARK [2][-]{subsection.0.7.2}{\376\377\000B\000e\000s\000t\000\040\000P\000r\000a\000c\000t\000i\000c\000e\000s}{section.0.7}% 21
\BOOKMARK [1][-]{section.0.8}{\376\377\000D\000e\000p\000l\000o\000y\000m\000e\000n\000t\000\040\000S\000t\000r\000a\000t\000e\000g\000y}{}% 22
\BOOKMARK [2][-]{subsection.0.8.1}{\376\377\000A\000p\000p\000l\000i\000c\000a\000t\000i\000o\000n\000\040\000a\000n\000d\000\040\000B\000a\000c\000k\000e\000n\000d\000\040\000D\000e\000p\000l\000o\000y\000m\000e\000n\000t}{section.0.8}% 23
\BOOKMARK [2][-]{subsection.0.8.2}{\376\377\000C\000I\000/\000C\000D\000\040\000P\000i\000p\000e\000l\000i\000n\000e\000s}{section.0.8}% 24
\BOOKMARK [1][-]{section.0.9}{\376\377\000T\000e\000s\000t\000i\000n\000g\000\040\000C\000o\000v\000e\000r\000a\000g\000e\000\040\000R\000e\000p\000o\000r\000t}{}% 25
\BOOKMARK [2][-]{subsection.0.9.1}{\376\377\000C\000o\000d\000e\000\040\000C\000o\000v\000e\000r\000a\000g\000e\000\040\000M\000e\000t\000r\000i\000c\000s}{section.0.9}% 26
\BOOKMARK [2][-]{subsection.0.9.2}{\376\377\000G\000a\000p\000\040\000A\000n\000a\000l\000y\000s\000i\000s\000\040\000a\000n\000d\000\040\000C\000o\000d\000e\000\040\000Q\000u\000a\000l\000i\000t\000y}{section.0.9}% 27
\BOOKMARK [1][-]{section.0.10}{\376\377\000U\000s\000e\000r\000\040\000S\000a\000t\000i\000s\000f\000a\000c\000t\000i\000o\000n\000\040\000S\000u\000r\000v\000e\000y\000\040\000A\000n\000a\000l\000y\000s\000i\000s\000\040\000a\000n\000d\000\040\000U\000s\000e\000r\000\040\000B\000e\000h\000a\000v\000i\000o\000r\000\040\000A\000n\000a\000l\000y\000t\000i\000c\000s}{}% 28
\BOOKMARK [2][-]{subsection.0.10.1}{\376\377\000F\000e\000e\000d\000b\000a\000c\000k\000\040\000a\000n\000d\000\040\000S\000u\000r\000v\000e\000y\000\040\000R\000e\000s\000p\000o\000n\000s\000e\000s}{section.0.10}% 29
\BOOKMARK [2][-]{subsection.0.10.2}{\376\377\000U\000s\000e\000r\000\040\000B\000e\000h\000a\000v\000i\000o\000r\000\040\000M\000e\000t\000r\000i\000c\000s}{section.0.10}% 30
\BOOKMARK [1][-]{section.0.11}{\376\377\000P\000r\000o\000j\000e\000c\000t\000\040\000E\000v\000a\000l\000u\000a\000t\000i\000o\000n\000\040\000a\000n\000d\000\040\000A\000r\000e\000a\000s\000\040\000f\000o\000r\000\040\000I\000m\000p\000r\000o\000v\000e\000m\000e\000n\000t}{}% 31
\BOOKMARK [2][-]{subsection.0.11.1}{\376\377\000S\000u\000c\000c\000e\000s\000s\000e\000s\000\040\000a\000n\000d\000\040\000C\000h\000a\000l\000l\000e\000n\000g\000e\000s}{section.0.11}% 32
\BOOKMARK [2][-]{subsection.0.11.2}{\376\377\000F\000u\000t\000u\000r\000e\000\040\000I\000t\000e\000r\000a\000t\000i\000o\000n\000s}{section.0.11}% 33
\BOOKMARK [1][-]{section.0.12}{\376\377\000R\000u\000n\000n\000a\000b\000l\000e\000\040\000P\000r\000o\000d\000u\000c\000t}{}% 34
\BOOKMARK [2][-]{subsection.0.12.1}{\376\377\000A\000p\000p\000\040\000C\000o\000m\000p\000a\000t\000i\000b\000i\000l\000i\000t\000y}{section.0.12}% 35
\BOOKMARK [2][-]{subsection.0.12.2}{\376\377\000A\000P\000K\000\040\000F\000i\000l\000e\000\040\000a\000n\000d\000\040\000G\000o\000o\000g\000l\000e\000\040\000D\000r\000i\000v\000e\000\040\000L\000i\000n\000k}{section.0.12}% 36
\BOOKMARK [2][-]{subsection.0.12.3}{\376\377\000B\000a\000c\000k\000e\000n\000d\000\040\000I\000n\000t\000e\000g\000r\000a\000t\000i\000o\000n\000\040\000a\000n\000d\000\040\000C\000o\000n\000f\000i\000g\000u\000r\000a\000t\000i\000o\000n\000s}{section.0.12}% 37
\BOOKMARK [1][-]{section.0.13}{\376\377\000P\000r\000o\000d\000u\000c\000t\000\040\000D\000i\000s\000t\000r\000i\000b\000u\000t\000i\000o\000n\000\040\000a\000n\000d\000\040\000S\000u\000r\000v\000e\000y}{}% 38
\BOOKMARK [2][-]{subsection.0.13.1}{\376\377\000P\000r\000o\000m\000o\000t\000i\000o\000n\000\040\000a\000n\000d\000\040\000M\000a\000r\000k\000e\000t\000i\000n\000g}{section.0.13}% 39
\BOOKMARK [2][-]{subsection.0.13.2}{\376\377\000S\000u\000r\000v\000e\000y\000\040\000D\000e\000s\000i\000g\000n\000\040\000a\000n\000d\000\040\000A\000n\000a\000l\000y\000s\000i\000s}{section.0.13}% 40
\BOOKMARK [2][-]{subsection.0.13.3}{\376\377\000A\000p\000p\000\040\000M\000e\000t\000r\000i\000c\000s\000\040\000C\000o\000l\000l\000e\000c\000t\000o\000r}{section.0.13}% 41
\BOOKMARK [2][-]{subsection.0.13.4}{\376\377\000F\000e\000e\000d\000b\000a\000c\000k\000\040\000E\000v\000a\000l\000u\000a\000t\000i\000o\000n\000\040\000a\000n\000d\000\040\000B\000e\000h\000a\000v\000i\000o\000r\000\040\000A\000n\000a\000l\000y\000t\000i\000c\000s}{section.0.13}% 42
\BOOKMARK [2][-]{subsection.0.13.5}{\376\377\000U\000s\000e\000r\000\040\000I\000n\000t\000e\000r\000a\000c\000t\000i\000o\000n\000\040\000E\000v\000i\000d\000e\000n\000c\000e}{section.0.13}% 43
